// Jest Snapshot v1, https://goo.gl/fbAQLP

exports[`renderd app snapshot 1`] = `
<div>
  <div>
    <h1
      className="sc-bdVaJa ccXnHE"
    >
      Welcome to Reasdfsdfsdfsct
    </h1>
  </div>
  <p>
    To get started, edit 
    <code>
      src/App.js
    </code>
     and save to reload.
  </p>
</div>
`;
